// Jest Snapshot v1, https://goo.gl/fbAQLP

exports[`Board should render correctly in with no props 1`] = `
<div
  className="Board"
>
  <header
    className="App-header"
  >
    <p>
      Board
    </p>
    <NavLink
      to="/login"
    >
      Login One
    </NavLink>
  </header>
</div>
`;

exports[`Board should render correctly in with props 1`] = `
<div
  className="Board"
>
  <header
    className="App-header"
  >
    <p>
      Board
    </p>
    <NavLink
      to="/login"
    >
      Login One
    </NavLink>
  </header>
</div>
`;
